
Find what? Enter a filename to look for (partial is ok).
