Root dir not found, creating C:/Users/Matt/AppData/Local/Temp/apt-13630
creating C:/Users/Matt/AppData/Local/Temp/apt-13630/etc/setup/
creating C:/Users/Matt/AppData/Local/Temp/apt-13630/etc/setup//installed.db
getting C:/Users/Matt/AppData/Local/Temp/apt-13630/etc/setup//setup.ini
