
*** Warning: 'grass71-dev' is missing 'install' entry in setup.ini. This might cause problems.

"''" not understood, please run "apt help"
