Couldn't open C:/Users/Matt/AppData/Local/Temp/apt-13630/etc/setup//setup.rc, setting empty
