
*** Warning: 'grass71-dev' is missing 'install' entry in setup.ini. This might cause problems.


Search available packages list for X
    
    (doesn't search descriptions yet)
