
*** Can't show info, no package names specified. ***
