
*** No packages specified. Use "apt list" to see installed packages.***
