
*** Warning: 'grass71-dev' is missing 'install' entry in setup.ini. This might cause problems.

Package             Version        
------------------  ----------     
avce00              2.0.0-1        
curl                7.15.1-2       
expat               2.0.1-1        
fcgi                2.4.0-1        
fftw                3.2-1          
freetype-mingw      2.3.7-1        
freexl              1.0.0.e-1      
gdal                1.11.1-5       
gdal-filegdb        1.11.1-5       
gdal-python         1.11.1-5       
gdal110dll          1.10.1-1       
gdal15dll           1.5.4-1        
gdal18dll           1.8.1-0        
gdal19dll           1.9.2-1        
geos                3.4.2-1        
gpsbabel            1.4.2-1        
grass               6.4.4-1        
gs                  9.7-3          
gsl-libs            1.12-1         
hdf4                4.2.0.r.3-4    
hdf5                1.8.11-1       
iconv               1.9.1-1        
libcairo            1.10.2-1       
libgeotiff          1.3.0-3        
libintl             0.14.4-2       
libjpeg             6.b-5          
libjpeg12           6.b-3          
libmysql            5.0.18-1       
libpng              1.2.34-1       
libpq               8.3.10-3       
libspatialindex     1.7.0-1        
libtiff             4.0.2-3        
libxml2             2.9.1-1        
msvcrt              1.0.1-12       
msys                1.0.18-7       
msys-grass          1-5            
netcdf              3.6.1-1        
oci                 11.2.0.1-1     
ogdi                3.2.0.b.1-4    
openjpeg            2.0.0-1        
openssl             1.0.1.g-1      
osg-libs            3.0.0-1        
osgearth-libs       2.0.0-1        
pdcurses            3.3-1          
proj                4.8.0-0        
proj-datumgrid      1.5-1          
proj-hpgn           1.0-1          
psycopg2            2.4-1          
pygments            1.4-3          
pyopengl            3.0.1-1        
pyqt4               4.8.3-2        
pyspatialite        3.0.1-1        
python              2.7.4-2        
python-core         2.7.4-3        
python-dateutil     2.2-1          
python-help         2.7.4-1        
python-jinja2       2.7.2-1        
python-markupsafe   0.23-1         
python-numpy        2.7.1.5.1-1    
python-pil          1.1.7-1        
python-qscintilla   2.6.2-2        
python-shapely      1.2.18-1       
python-tcltk        2.7.4-1        
python-testsuite    2.7.4-1        
python-tools        2.7.4-1        
python-win32        2.16-1         
python-wrapper      2.7.2-4        
python-xlwt         0.7.2-2        
pytz                2014.2-1       
qgis                2.6.0-1        
qgis-common         2.4.0-1        
qgis-dev            2.7.0-21       
qgis-grass-plugin   2.4.0-1        
qscintilla          2.6.2-2        
qt4-libs            4.7.1-6        
qwt5-libs-qt4       5.2.1-1        
setup               1.0.7-10       
shell               1.0.0-13       
sip                 4.12.1-4       
six                 1.6.1-1        
spatialite          4.1.1-1        
spatialite3dll      3.0.1-0        
sqlite3             3.7.17-1       
szip                2.1-1          
tcltk               8.5.6-1        
wxpython            2.8.12.1-1     
xerces-c            2.7.0-1        
xerces-c-vc9        3.1.1-2        
zlib                1.2.3-1        
