
    Osgeo4w folders and setup config exist; skeleton environment is complete.

    You might try `apt available` and `apt install` next.
    
