error: Architecture mismatch! Setup.ini: 'x86', Command line: 'x86_64'
