Please specify package to calculate md5 hash value for.