
 Search available packages list and descriptions for X

        Returns list of package names
    
