
*** Warning: 'grass71-dev' is missing 'install' entry in setup.ini. This might cause problems.


Print remote package archive path, relative to mirror root
