No packages specified. Use "apt new" and "apt list" for ideas.