
*** Warning: 'grass71-dev' is missing 'install' entry in setup.ini. This might cause problems.


 Packages available to install (* = already installed)

agg-devel           		msys-grass*
alkis-import        		natgrid
apache              		netcdf*
apache-manual       		nettools
apt                 		networkx
avce00*             		nitro
beegis              		oci*
cairo               		ogdi*
chameleon           		opencv
curl*               		openev
exiv2               		openfyba
exiv2-devel         		openjpeg*
expat*              		openlayers
fcgi*               		openssl*
ffmpeg              		openssl-devel
fftw*               		osg-bin
fftw-devel          		osg-dev
fltk                		osg-libs*
freeglut            		osgearth-bin
freetype-devel      		osgearth-dev
freetype-devel-mingw		osgearth-libs*
freetype-mingw*     		ossim
freexl*             		otb-bin
fribidi             		otb-monteverdi
fusion              		otb-python
gd-devel            		otb-wrapping
gdal*               		owslib
gdal-autotest       		pagc_docs
gdal-ecw            		pagc_fastcgi_responder
gdal-filegdb*       		pagc_lib
gdal-grass          		pagc_utils
gdal-java           		pdal
gdal-mrsid          		pdcurses*
gdal-oracle         		pdcurses-devel
gdal-oracle10g      		php
gdal-python*        		php-devel
gdal-sde90          		php_mapscript
gdal-sde91          		php_mapscript-dev
gdal-sde92          		php_mapscript56
gdal-sosi           		proj*
gdal110dll*         		proj-datumgrid*
gdal15dll*          		proj-hpgn*
gdal16              		proj-vdatum
gdal16-autotest     		psycopg2*
gdal16-ecw          		pyexiv2
gdal16-mrsid        		pygments*
gdal16-oracle       		pyodbc
gdal16-python       		pyopengl*
gdal17              		pyparsing
gdal17-ecw          		pyqt4*
gdal17-mrsid        		pyqwt5
gdal17-python       		pyqwt5-qt4
gdal18dll*          		pyspatialite*
gdal19dll*          		python*
geos*               		python-core*
glew                		python-dateutil*
glext               		python-geopy
glfw                		python-help*
gmap                		python-jinja2*
gpsbabel*           		python-markupsafe*
gpsbabelfe          		python-numpy*
grass*              		python-pil*
grass-daily         		python-qgis
grass-devel         		python-qscintilla*
grass-devel-mingw   		python-rpy
grass-devel-vc      		python-rpy2
grass-locale        		python-scikit_learn
grass6              		python-scipy
grass71-dev         		python-shapely*
gs*                 		python-simplejson
gsl-devel           		python-tcltk*
gsl-libs*           		python-testsuite*
hdf4*               		python-tools*
hdf5*               		python-win32*
hexer               		python-win32-demos
iconv*              		python-wrapper*
java                		python-xlrd
ka-map              		python-xlwt*
laszip              		pytz*
libcairo*           		qgis*
libcairo-devel      		qgis-common*
libgeotiff*         		qgis-dev*
libintl*            		qgis-dev-pdb
libjpeg*            		qgis-devel
libjpeg-devel       		qgis-full
libjpeg-ipp         		qgis-full-dev
libjpeg12*          		qgis-globe-plugin
liblas              		qgis-grass-plugin*
liblas-devel        		qgis-oracle-provider
liblas-python       		qgis-server
liblwgeom           		qgis-unstable
libmysql*           		qgis1.1
libopenfyba         		qscintilla*
libpng*             		qt4-demosnexamples
libpng-devel        		qt4-devel
libpng-devel-mingw  		qt4-doc
libpng-devel-vc     		qt4-libs*
libpq*              		qt4-libs-debug
libspatialindex*    		qwt-devel-qt4
libspatialindex-devel		qwt-doc-qt4
libtiff*            		qwt-libs-qt4
libtiff-bin         		qwt5-devel-qt4
libtiff-devel       		qwt5-doc-qt4
libxdr              		qwt5-libs-qt4*
libxml2*            		regex-devel
mapfish_framework   		saga
mapnik              		setup*
mapscript-java      		setuptools
mapscript-java-dev  		shapelib
mapscript-java-stable-dev		shell*
mapscript-python    		sip*
mapscript-python-dev		six*
mapscript-python-stable-dev		spatialite*
mapserv_demo        		spatialite3dll*
mapserver           		sqlite3*
mapserver-dev       		swig
mapserver-stable-dev		szip*
mapserver-tutorial  		tcltk*
mapserver56         		tcltk-demos
mapserver6          		tcltk-devel
matplotlib          		tinyows
ming-devel          		tora
mingw               		udig
mingw-libs          		udigdb
mod_fcgid           		wxpython*
ms_ogc_workshop     		xerces-c*
msinttypes          		xerces-c-devel
msvcrt*             		xerces-c-vc9*
msys*               		xerces-c-vc9-devel
msys-dev            		zlib*
