
*** Warning: 'grass71-dev' is missing 'install' entry in setup.ini. This might cause problems.


List files installed with package X. Multiple packages can be specified. 
    
        C:\> apt listfiles shell gdal
        
        ----- shell -----
        OSGeo4W.bat
        OSGeo4W.ico
        bin
        ...etc

        ----- gdal -----
        bin
        bin/gdal111.dll
        bin/gdaladdo.exe
        ...etc
    
