No packages specified. Run "apt list" to see installed packages