Package             Version        
------------------  ----------     
msvcrt              1.0.1-8        
msvcrt2008          1.0.0-1        
msvcrt2010          1.0.0-1        
setup               1.0.7-13       
shell               1.0.1-2        
