Couldn't open C:/Users/Matt/AppData/Local/Temp/apt-13630/etc/setup//setup.rc, setting empty
Fetching http://download.osgeo.org/osgeo4w//x86_64/setup.ini
Skipping download - url modified time isn't newer than local file
D:\Public\Downloads/http%3a%2f%2fdownload.osgeo.org%2fosgeo4w%2f\x86_64/setup.ini

    Osgeo4w folders and setup config exist; skeleton environment is complete.

    You might try `apt available` and `apt install` next.
    
