
*** Warning: 'grass71-dev' is missing 'install' entry in setup.ini. This might cause problems.


Report installed version of X
