
*** Warning: 'grass71-dev' is missing 'install' entry in setup.ini. This might cause problems.


TypeError: no_package() takes at least 2 arguments (0 given)
