
Download and install packages, including dependencies

        C:\> apt install shell gdal
    
