
*** Warning: 'grass71-dev' is missing 'install' entry in setup.ini. This might cause problems.


Print full local path name of package archive
    
    C:\> apt ball shell
    
    shell = d:/temp/o4w-cache/setup/http%3a%2f%2fdownload.osgeo.org%2fosgeo4w%2f/x86
/release/shell/shell-1.0.0-13.tar.bz2
    
