
*** No packages specified. Use "apt available" for ideas. ***
