Please specify package names to list dependencies for.